---
source: src/parser.rs
assertion_line: 797
expression: "serde_json::to_string_pretty(&parsed_schema)?"
---
{
  "config": {
    "import": [
      {
        "config": {
          "import": [],
          "export": null
        },
        "global_namespace": {
          "defaults": {
            "cache_ttl": null,
            "task_queue_type": null
          },
          "type_items": {
            "abc": "U32"
          },
          "cache_items": {},
          "pubsub_items": {},
          "task_items": {}
        },
        "namespaces": {}
      }
    ],
    "export": {
      "engine": {
        "Redis": {
          "Env": "REDIS_URL"
        }
      },
      "files": [
        {
          "language": "TypeScript",
          "path": "memorix.generated.ts"
        },
        {
          "language": "Python",
          "path": "memorix_generated.py"
        },
        {
          "language": "Rust",
          "path": "memorix_generated.rs"
        }
      ]
    }
  },
  "global_namespace": {
    "defaults": {
      "cache_ttl": {
        "String": "3600"
      },
      "task_queue_type": null
    },
    "type_items": {},
    "cache_items": {
      "user_profile": {
        "key": "U32",
        "payload": {
          "Object": {
            "email": "String",
            "id": "U32",
            "name": "String"
          }
        },
        "public": [
          "Get"
        ],
        "ttl": null
      },
      "user_session": {
        "key": "String",
        "payload": {
          "Object": {
            "expiry": "U64",
            "session_token": "String",
            "user_id": "U32"
          }
        },
        "public": [],
        "ttl": {
          "Env": "USER_SESSION_TTL"
        }
      }
    },
    "pubsub_items": {},
    "task_items": {}
  },
  "namespaces": {
    "MessageService": {
      "defaults": {
        "cache_ttl": null,
        "task_queue_type": null
      },
      "type_items": {},
      "cache_items": {
        "message": {
          "key": "String",
          "payload": {
            "Object": {
              "content": "String",
              "id": "String",
              "recipient_id": {
                "Reference": "UserId"
              },
              "sender_id": {
                "Reference": "UserId"
              },
              "timestamp": "U64"
            }
          },
          "public": [
            "Get"
          ],
          "ttl": null
        }
      },
      "pubsub_items": {
        "new_message": {
          "key": {
            "Reference": "UserId"
          },
          "payload": {
            "Object": {
              "message_id": "String",
              "recipient_id": {
                "Reference": "UserId"
              }
            }
          },
          "public": [
            "Subscribe"
          ]
        }
      },
      "task_items": {
        "message_processing_tasks": {
          "key": null,
          "payload": {
            "Object": {
              "message_id": "String",
              "priority": "U32",
              "processing_type": "String"
            }
          },
          "public": [],
          "queue_type": {
            "String": "Fifo"
          }
        }
      }
    },
    "UserService": {
      "defaults": {
        "cache_ttl": {
          "String": "7200"
        },
        "task_queue_type": {
          "Env": "USER_SERVICE_TASK_QUEUE_TYPE"
        }
      },
      "type_items": {
        "UserId": "U64"
      },
      "cache_items": {
        "user_profile": {
          "key": {
            "Reference": "UserId"
          },
          "payload": {
            "Object": {
              "email": "String",
              "id": {
                "Reference": "UserId"
              },
              "name": "String"
            }
          },
          "public": [
            "Get"
          ],
          "ttl": null
        },
        "user_session": {
          "key": "String",
          "payload": {
            "Object": {
              "expiry": "U64",
              "session_token": "String",
              "user_id": {
                "Reference": "UserId"
              }
            }
          },
          "public": [],
          "ttl": {
            "Env": "USER_SESSION_TTL"
          }
        }
      },
      "pubsub_items": {
        "user_activity": {
          "key": {
            "Reference": "UserId"
          },
          "payload": {
            "Object": {
              "action": "String",
              "timestamp": "U64",
              "user_id": {
                "Reference": "UserId"
              }
            }
          },
          "public": [
            "Subscribe"
          ]
        }
      },
      "task_items": {
        "user_registration_tasks": {
          "key": null,
          "payload": {
            "Object": {
              "email": "String",
              "registration_date": "U64",
              "user_id": {
                "Reference": "UserId"
              }
            }
          },
          "public": [
            "Enqueue",
            "GetLen"
          ],
          "queue_type": null
        }
      }
    }
  }
}
