---
source: src/main.rs
assertion_line: 482
expression: formatted_schema
---
Config {
  export: {
    engine: Redis(env(REDIS_URL))
    files: [
      {
        language: typescript
        path: "memorix.generated.ts"
      }
    ]
  }
}

Type {
  a: [
    u64
  ]
}

Namespace Science {
  Cache {
    how_many_atoms: {
      payload: u32
    }
  }
  PubSub {
    how_many_atoms: {
      payload: u32
    }
  }
}

Namespace Rocket {
  Enum {
    Operation {
      START
      STOP
    }
    Color {
      RED
      GREEN
      BLUE
    }
  }
  Cache {
    launched: {
      payload: boolean
    }
  }
  PubSub {
    launched: {
      payload: boolean
    }
  }
}
